// Jest Snapshot v1, https://goo.gl/fbAQLP

exports[`elements/Feature test should render defaults without throwing an error 1`] = `
<styled.div>
  <styled.div>
    <styled.a
      href="#"
    >
      <i
        aria-hidden="true"
        className="fa fa-Test Feature"
      />
    </styled.a>
  </styled.div>
  <styled.div
    dangerouslySetInnerHTML={
      Object {
        "__html": "Test text",
      }
    }
  />
  <styled.div>
    <styled.a
      href="#"
    >
      Open
    </styled.a>
  </styled.div>
</styled.div>
`;
