// Jest Snapshot v1, https://goo.gl/fbAQLP

exports[`elements/Feature test should render defaults without throwing an error 1`] = `
<div
  className="feature"
>
  <div
    className="link"
  >
    <Link
      href="#"
    >
      <i
        aria-hidden="true"
        className="fa fa-Test Feature"
      />
    </Link>
  </div>
  <div
    className="text"
    dangerouslySetInnerHTML={
      Object {
        "__html": "Test text",
      }
    }
  />
  <div
    className="button"
  >
    <Link
      href="#"
    >
      Open
    </Link>
  </div>
</div>
`;
