// Jest Snapshot v1, https://goo.gl/fbAQLP

exports[`elements/Link test should render custom without throwing an error 1`] = `
<a
  className="link"
  href="#"
  target="_self"
>
  <span>
    Link
  </span>
</a>
`;

exports[`elements/Link test should render defaults without throwing an error 1`] = `
<a
  className="link"
  href="#"
  target="_blank"
/>
`;
