// Jest Snapshot v1, https://goo.gl/fbAQLP

exports[`components/Header test should render without throwing an error 1`] = `
<styled.div>
  <styled.div
    key="0"
  >
    <Feature
      link="#linkedin"
      name="linkedin"
      text="
      <p>Test link 1</p>
    "
    />
  </styled.div>
  <styled.div
    key="1"
  >
    <Feature
      link="#instagram"
      name="instagram"
      text="
      <p>Test link 2</p>
    "
    />
  </styled.div>
</styled.div>
`;
