// Jest Snapshot v1, https://goo.gl/fbAQLP

exports[`App test should render without throwing an error 1`] = `
<ThemeProvider
  theme={
    Object {
      "background": "#FFFFFF",
      "backgroundInverse": "#3B8686",
      "fontStyles": Object {
        "primary": "
            font-family: 'Open Sans', sans-serif;
          ",
      },
      "media": Object {
        "desktop": "75em",
        "large": "64em",
        "medium": "48em",
      },
      "primary": "#3B8686",
      "primaryInverse": "#FFFFFF",
    }
  }
>
  <styled.div>
    <styled.div>
      <Header />
      <SocialLinks />
      <Footer />
    </styled.div>
  </styled.div>
</ThemeProvider>
`;
