// Jest Snapshot v1, https://goo.gl/fbAQLP

exports[`components/Header test should render without throwing an error 1`] = `
<styled.div>
  <styled.div>
    <Title
      kind="h1"
    >
      Martins Giberts
    </Title>
  </styled.div>
  <styled.div>
    <Title
      kind="h2"
    >
      Web applications developer
    </Title>
  </styled.div>
</styled.div>
`;
